[INFO] Scanning for projects...
[INFO] 
[INFO] --------------------------< com.example:demo >--------------------------
[INFO] Building demo 0.0.1-SNAPSHOT
[INFO]   from pom.xml
[INFO] --------------------------------[ jar ]---------------------------------
[INFO] 
[INFO] >>> spring-boot:4.0.3:run (default-cli) > test-compile @ demo >>>
[INFO] 
[INFO] --- resources:3.3.1:resources (default-resources) @ demo ---
[INFO] Copying 1 resource from src\main\resources to target\classes
[INFO] Copying 6 resources from src\main\resources to target\classes
[INFO] 
[INFO] --- compiler:3.14.1:compile (default-compile) @ demo ---
[INFO] Nothing to compile - all classes are up to date.
[INFO] 
[INFO] --- resources:3.3.1:testResources (default-testResources) @ demo ---
[INFO] skip non existing resourceDirectory C:\Users\cof99\Documents\git\pethotel\back\demo\src\test\resources
[INFO] 
[INFO] --- compiler:3.14.1:testCompile (default-testCompile) @ demo ---
[INFO] Nothing to compile - all classes are up to date.
[INFO] 
[INFO] <<< spring-boot:4.0.3:run (default-cli) < test-compile @ demo <<<
[INFO] 
[INFO] 
[INFO] --- spring-boot:4.0.3:run (default-cli) @ demo ---
[INFO] Attaching agents: []

  .   ____          _            __ _ _
 /\\ / ___'_ __ _ _(_)_ __  __ _ \ \ \ \
( ( )\___ | '_ | '_| | '_ \/ _` | \ \ \ \
 \\/  ___)| |_)| | | | | || (_| |  ) ) ) )
  '  |____| .__|_| |_|_| |_\__, | / / / /
 =========|_|==============|___/=/_/_/_/

 :: Spring Boot ::                (v4.0.3)

2026-03-16T22:05:46.248+09:00  INFO 19260 --- [pethotel] [  restartedMain] com.example.demo.DemoApplication         : Starting DemoApplication using Java 17.0.18 with PID 19260 (C:\Users\cof99\Documents\git\pethotel\back\demo\target\classes started by cof99 in C:\Users\cof99\Documents\git\pethotel\back\demo)
2026-03-16T22:05:46.251+09:00  INFO 19260 --- [pethotel] [  restartedMain] com.example.demo.DemoApplication         : No active profile set, falling back to 1 default profile: "default"
2026-03-16T22:05:46.301+09:00  INFO 19260 --- [pethotel] [  restartedMain] .e.DevToolsPropertyDefaultsPostProcessor : Devtools property defaults active! Set 'spring.devtools.add-properties' to 'false' to disable
2026-03-16T22:05:46.301+09:00  INFO 19260 --- [pethotel] [  restartedMain] .e.DevToolsPropertyDefaultsPostProcessor : For additional web related logging consider setting the 'logging.level.web' property to 'DEBUG'
2026-03-16T22:05:47.236+09:00  INFO 19260 --- [pethotel] [  restartedMain] o.s.boot.tomcat.TomcatWebServer          : Tomcat initialized with port 18080 (http)
2026-03-16T22:05:47.250+09:00  INFO 19260 --- [pethotel] [  restartedMain] o.apache.catalina.core.StandardService   : Starting service [Tomcat]
2026-03-16T22:05:47.251+09:00  INFO 19260 --- [pethotel] [  restartedMain] o.apache.catalina.core.StandardEngine    : Starting Servlet engine: [Apache Tomcat/11.0.18]
2026-03-16T22:05:47.286+09:00  INFO 19260 --- [pethotel] [  restartedMain] b.w.c.s.WebApplicationContextInitializer : Root WebApplicationContext: initialization completed in 983 ms
2026-03-16T22:05:47.963+09:00  INFO 19260 --- [pethotel] [  restartedMain] o.s.boot.tomcat.TomcatWebServer          : Tomcat started on port 18080 (http) with context path '/'
2026-03-16T22:05:47.969+09:00  INFO 19260 --- [pethotel] [  restartedMain] com.example.demo.DemoApplication         : Started DemoApplication in 2.116 seconds (process running for 2.521)
2026-03-16T22:06:24.404+09:00  INFO 19260 --- [pethotel] [io-18080-exec-1] o.a.c.c.C.[Tomcat].[localhost].[/]       : Initializing Spring DispatcherServlet 'dispatcherServlet'
2026-03-16T22:06:24.404+09:00  INFO 19260 --- [pethotel] [io-18080-exec-1] o.s.web.servlet.DispatcherServlet        : Initializing Servlet 'dispatcherServlet'
2026-03-16T22:06:24.405+09:00  INFO 19260 --- [pethotel] [io-18080-exec-1] o.s.web.servlet.DispatcherServlet        : Completed initialization in 1 ms
2026-03-16T22:06:24.527+09:00  INFO 19260 --- [pethotel] [io-18080-exec-1] com.zaxxer.hikari.HikariDataSource       : HikariPool-1 - Starting...
2026-03-16T22:06:24.612+09:00  INFO 19260 --- [pethotel] [io-18080-exec-1] com.zaxxer.hikari.pool.HikariPool        : HikariPool-1 - Added connection org.mariadb.jdbc.Connection@67e44f83
2026-03-16T22:06:24.613+09:00  INFO 19260 --- [pethotel] [io-18080-exec-1] com.zaxxer.hikari.HikariDataSource       : HikariPool-1 - Start completed.
2026-03-16T22:06:27.037+09:00  WARN 19260 --- [pethotel] [io-18080-exec-5] .w.s.m.a.ResponseStatusExceptionResolver : Resolved [org.springframework.web.server.ResponseStatusException: 409 CONFLICT "선택한 객실 타입의 잔여 객실이 없습니다."]
2026-03-16T22:06:27.135+09:00  WARN 19260 --- [pethotel] [io-18080-exec-6] .w.s.m.a.ResponseStatusExceptionResolver : Resolved [org.springframework.web.server.ResponseStatusException: 409 CONFLICT "선택한 객실 타입의 잔여 객실이 없습니다."]
2026-03-16T22:06:27.199+09:00  WARN 19260 --- [pethotel] [io-18080-exec-3] .w.s.m.a.ResponseStatusExceptionResolver : Resolved [org.springframework.web.server.ResponseStatusException: 409 CONFLICT "선택한 객실 타입의 잔여 객실이 없습니다."]
2026-03-16T22:06:27.266+09:00  WARN 19260 --- [pethotel] [io-18080-exec-4] .w.s.m.a.ResponseStatusExceptionResolver : Resolved [org.springframework.web.server.ResponseStatusException: 409 CONFLICT "선택한 객실 타입의 잔여 객실이 없습니다."]
2026-03-16T22:06:27.341+09:00  WARN 19260 --- [pethotel] [o-18080-exec-10] .w.s.m.a.ResponseStatusExceptionResolver : Resolved [org.springframework.web.server.ResponseStatusException: 409 CONFLICT "선택한 객실 타입의 잔여 객실이 없습니다."]
2026-03-16T22:06:27.403+09:00  WARN 19260 --- [pethotel] [io-18080-exec-5] .w.s.m.a.ResponseStatusExceptionResolver : Resolved [org.springframework.web.server.ResponseStatusException: 409 CONFLICT "선택한 객실 타입의 잔여 객실이 없습니다."]
2026-03-16T22:06:27.465+09:00  WARN 19260 --- [pethotel] [io-18080-exec-6] .w.s.m.a.ResponseStatusExceptionResolver : Resolved [org.springframework.web.server.ResponseStatusException: 409 CONFLICT "선택한 객실 타입의 잔여 객실이 없습니다."]
2026-03-16T22:06:27.535+09:00  WARN 19260 --- [pethotel] [io-18080-exec-3] .w.s.m.a.ResponseStatusExceptionResolver : Resolved [org.springframework.web.server.ResponseStatusException: 409 CONFLICT "선택한 객실 타입의 잔여 객실이 없습니다."]
2026-03-16T22:06:27.614+09:00  WARN 19260 --- [pethotel] [io-18080-exec-4] .w.s.m.a.ResponseStatusExceptionResolver : Resolved [org.springframework.web.server.ResponseStatusException: 409 CONFLICT "선택한 객실 타입의 잔여 객실이 없습니다."]
2026-03-16T22:06:27.679+09:00  WARN 19260 --- [pethotel] [o-18080-exec-10] .w.s.m.a.ResponseStatusExceptionResolver : Resolved [org.springframework.web.server.ResponseStatusException: 409 CONFLICT "선택한 객실 타입의 잔여 객실이 없습니다."]
2026-03-16T22:06:27.745+09:00  WARN 19260 --- [pethotel] [io-18080-exec-5] .w.s.m.a.ResponseStatusExceptionResolver : Resolved [org.springframework.web.server.ResponseStatusException: 409 CONFLICT "선택한 객실 타입의 잔여 객실이 없습니다."]
2026-03-16T22:06:27.808+09:00  WARN 19260 --- [pethotel] [io-18080-exec-6] .w.s.m.a.ResponseStatusExceptionResolver : Resolved [org.springframework.web.server.ResponseStatusException: 409 CONFLICT "선택한 객실 타입의 잔여 객실이 없습니다."]
2026-03-16T22:06:27.872+09:00  WARN 19260 --- [pethotel] [io-18080-exec-3] .w.s.m.a.ResponseStatusExceptionResolver : Resolved [org.springframework.web.server.ResponseStatusException: 409 CONFLICT "선택한 객실 타입의 잔여 객실이 없습니다."]
2026-03-16T22:06:27.940+09:00  WARN 19260 --- [pethotel] [io-18080-exec-4] .w.s.m.a.ResponseStatusExceptionResolver : Resolved [org.springframework.web.server.ResponseStatusException: 409 CONFLICT "선택한 객실 타입의 잔여 객실이 없습니다."]
2026-03-16T22:06:28.002+09:00  WARN 19260 --- [pethotel] [o-18080-exec-10] .w.s.m.a.ResponseStatusExceptionResolver : Resolved [org.springframework.web.server.ResponseStatusException: 409 CONFLICT "선택한 객실 타입의 잔여 객실이 없습니다."]
2026-03-16T22:06:28.031+09:00  WARN 19260 --- [pethotel] [io-18080-exec-3] .w.s.m.a.ResponseStatusExceptionResolver : Resolved [org.springframework.web.server.ResponseStatusException: 409 CONFLICT "선택한 객실 타입의 잔여 객실이 없습니다."]
2026-03-16T22:06:28.060+09:00  WARN 19260 --- [pethotel] [io-18080-exec-5] .w.s.m.a.ResponseStatusExceptionResolver : Resolved [org.springframework.web.server.ResponseStatusException: 409 CONFLICT "선택한 객실 타입의 잔여 객실이 없습니다."]
2026-03-16T22:06:28.089+09:00  WARN 19260 --- [pethotel] [io-18080-exec-4] .w.s.m.a.ResponseStatusExceptionResolver : Resolved [org.springframework.web.server.ResponseStatusException: 409 CONFLICT "선택한 객실 타입의 잔여 객실이 없습니다."]
2026-03-16T22:06:28.115+09:00  WARN 19260 --- [pethotel] [io-18080-exec-6] .w.s.m.a.ResponseStatusExceptionResolver : Resolved [org.springframework.web.server.ResponseStatusException: 409 CONFLICT "선택한 객실 타입의 잔여 객실이 없습니다."]
2026-03-16T22:06:28.144+09:00  WARN 19260 --- [pethotel] [o-18080-exec-10] .w.s.m.a.ResponseStatusExceptionResolver : Resolved [org.springframework.web.server.ResponseStatusException: 409 CONFLICT "선택한 객실 타입의 잔여 객실이 없습니다."]
2026-03-16T22:06:28.173+09:00  WARN 19260 --- [pethotel] [io-18080-exec-3] .w.s.m.a.ResponseStatusExceptionResolver : Resolved [org.springframework.web.server.ResponseStatusException: 409 CONFLICT "선택한 객실 타입의 잔여 객실이 없습니다."]
2026-03-16T22:06:28.202+09:00  WARN 19260 --- [pethotel] [io-18080-exec-5] .w.s.m.a.ResponseStatusExceptionResolver : Resolved [org.springframework.web.server.ResponseStatusException: 409 CONFLICT "선택한 객실 타입의 잔여 객실이 없습니다."]
2026-03-16T22:06:28.236+09:00  WARN 19260 --- [pethotel] [io-18080-exec-4] .w.s.m.a.ResponseStatusExceptionResolver : Resolved [org.springframework.web.server.ResponseStatusException: 409 CONFLICT "선택한 객실 타입의 잔여 객실이 없습니다."]
2026-03-16T22:06:28.264+09:00  WARN 19260 --- [pethotel] [io-18080-exec-6] .w.s.m.a.ResponseStatusExceptionResolver : Resolved [org.springframework.web.server.ResponseStatusException: 409 CONFLICT "선택한 객실 타입의 잔여 객실이 없습니다."]
2026-03-16T22:06:28.292+09:00  WARN 19260 --- [pethotel] [o-18080-exec-10] .w.s.m.a.ResponseStatusExceptionResolver : Resolved [org.springframework.web.server.ResponseStatusException: 409 CONFLICT "선택한 객실 타입의 잔여 객실이 없습니다."]
2026-03-16T22:06:28.320+09:00  WARN 19260 --- [pethotel] [io-18080-exec-3] .w.s.m.a.ResponseStatusExceptionResolver : Resolved [org.springframework.web.server.ResponseStatusException: 409 CONFLICT "선택한 객실 타입의 잔여 객실이 없습니다."]
2026-03-16T22:06:28.347+09:00  WARN 19260 --- [pethotel] [io-18080-exec-5] .w.s.m.a.ResponseStatusExceptionResolver : Resolved [org.springframework.web.server.ResponseStatusException: 409 CONFLICT "선택한 객실 타입의 잔여 객실이 없습니다."]
2026-03-16T22:06:28.380+09:00  WARN 19260 --- [pethotel] [io-18080-exec-4] .w.s.m.a.ResponseStatusExceptionResolver : Resolved [org.springframework.web.server.ResponseStatusException: 409 CONFLICT "선택한 객실 타입의 잔여 객실이 없습니다."]
2026-03-16T22:06:28.410+09:00  WARN 19260 --- [pethotel] [io-18080-exec-6] .w.s.m.a.ResponseStatusExceptionResolver : Resolved [org.springframework.web.server.ResponseStatusException: 409 CONFLICT "선택한 객실 타입의 잔여 객실이 없습니다."]
2026-03-16T22:06:28.439+09:00  WARN 19260 --- [pethotel] [o-18080-exec-10] .w.s.m.a.ResponseStatusExceptionResolver : Resolved [org.springframework.web.server.ResponseStatusException: 409 CONFLICT "선택한 객실 타입의 잔여 객실이 없습니다."]
2026-03-16T22:07:04.012+09:00  WARN 19260 --- [pethotel] [io-18080-exec-2] .w.s.m.a.ResponseStatusExceptionResolver : Resolved [org.springframework.web.server.ResponseStatusException: 409 CONFLICT "선택한 객실 타입의 잔여 객실이 없습니다."]
2026-03-16T22:07:04.016+09:00  WARN 19260 --- [pethotel] [io-18080-exec-3] .w.s.m.a.ResponseStatusExceptionResolver : Resolved [org.springframework.web.server.ResponseStatusException: 409 CONFLICT "선택한 객실 타입의 잔여 객실이 없습니다."]
2026-03-16T22:07:04.030+09:00  WARN 19260 --- [pethotel] [io-18080-exec-5] .w.s.m.a.ResponseStatusExceptionResolver : Resolved [org.springframework.web.server.ResponseStatusException: 409 CONFLICT "선택한 객실 타입의 잔여 객실이 없습니다."]
2026-03-16T22:07:04.035+09:00  WARN 19260 --- [pethotel] [io-18080-exec-9] .w.s.m.a.ResponseStatusExceptionResolver : Resolved [org.springframework.web.server.ResponseStatusException: 409 CONFLICT "선택한 객실 타입의 잔여 객실이 없습니다."]
2026-03-16T22:07:04.039+09:00  WARN 19260 --- [pethotel] [o-18080-exec-10] .w.s.m.a.ResponseStatusExceptionResolver : Resolved [org.springframework.web.server.ResponseStatusException: 409 CONFLICT "선택한 객실 타입의 잔여 객실이 없습니다."]
2026-03-16T22:07:04.046+09:00  WARN 19260 --- [pethotel] [io-18080-exec-1] .w.s.m.a.ResponseStatusExceptionResolver : Resolved [org.springframework.web.server.ResponseStatusException: 409 CONFLICT "선택한 객실 타입의 잔여 객실이 없습니다."]
2026-03-16T22:07:04.050+09:00  WARN 19260 --- [pethotel] [io-18080-exec-8] .w.s.m.a.ResponseStatusExceptionResolver : Resolved [org.springframework.web.server.ResponseStatusException: 409 CONFLICT "선택한 객실 타입의 잔여 객실이 없습니다."]
2026-03-16T22:07:04.070+09:00  WARN 19260 --- [pethotel] [io-18080-exec-7] .w.s.m.a.ResponseStatusExceptionResolver : Resolved [org.springframework.web.server.ResponseStatusException: 409 CONFLICT "선택한 객실 타입의 잔여 객실이 없습니다."]
2026-03-16T22:07:04.089+09:00  WARN 19260 --- [pethotel] [io-18080-exec-1] .w.s.m.a.ResponseStatusExceptionResolver : Resolved [org.springframework.web.server.ResponseStatusException: 409 CONFLICT "선택한 객실 타입의 잔여 객실이 없습니다."]
2026-03-16T22:07:04.107+09:00  WARN 19260 --- [pethotel] [io-18080-exec-6] .w.s.m.a.ResponseStatusExceptionResolver : Resolved [org.springframework.web.server.ResponseStatusException: 409 CONFLICT "선택한 객실 타입의 잔여 객실이 없습니다."]
2026-03-16T22:07:04.155+09:00  WARN 19260 --- [pethotel] [io-18080-exec-3] .w.s.m.a.ResponseStatusExceptionResolver : Resolved [org.springframework.web.server.ResponseStatusException: 409 CONFLICT "선택한 객실 타입의 잔여 객실이 없습니다."]
2026-03-16T22:07:04.167+09:00  WARN 19260 --- [pethotel] [io-18080-exec-5] .w.s.m.a.ResponseStatusExceptionResolver : Resolved [org.springframework.web.server.ResponseStatusException: 409 CONFLICT "선택한 객실 타입의 잔여 객실이 없습니다."]
2026-03-16T22:07:04.172+09:00  WARN 19260 --- [pethotel] [io-18080-exec-6] .w.s.m.a.ResponseStatusExceptionResolver : Resolved [org.springframework.web.server.ResponseStatusException: 409 CONFLICT "선택한 객실 타입의 잔여 객실이 없습니다."]
2026-03-16T22:08:15.204+09:00  WARN 19260 --- [pethotel] [io-18080-exec-2] .w.s.m.a.ResponseStatusExceptionResolver : Resolved [org.springframework.web.server.ResponseStatusException: 409 CONFLICT "선택한 객실 타입의 잔여 객실이 없습니다."]
2026-03-16T22:08:15.239+09:00  WARN 19260 --- [pethotel] [io-18080-exec-3] .w.s.m.a.ResponseStatusExceptionResolver : Resolved [org.springframework.web.server.ResponseStatusException: 409 CONFLICT "선택한 객실 타입의 잔여 객실이 없습니다."]
2026-03-16T22:08:15.333+09:00  WARN 19260 --- [pethotel] [io-18080-exec-7] .w.s.m.a.ResponseStatusExceptionResolver : Resolved [org.springframework.web.server.ResponseStatusException: 409 CONFLICT "선택한 객실 타입의 잔여 객실이 없습니다."]
2026-03-16T22:08:15.334+09:00  WARN 19260 --- [pethotel] [io-18080-exec-9] .w.s.m.a.ResponseStatusExceptionResolver : Resolved [org.springframework.web.server.ResponseStatusException: 409 CONFLICT "선택한 객실 타입의 잔여 객실이 없습니다."]
2026-03-16T22:08:15.350+09:00  WARN 19260 --- [pethotel] [io-18080-exec-8] .w.s.m.a.ResponseStatusExceptionResolver : Resolved [org.springframework.web.server.ResponseStatusException: 409 CONFLICT "선택한 객실 타입의 잔여 객실이 없습니다."]
2026-03-16T22:08:15.354+09:00  WARN 19260 --- [pethotel] [io-18080-exec-3] .w.s.m.a.ResponseStatusExceptionResolver : Resolved [org.springframework.web.server.ResponseStatusException: 409 CONFLICT "선택한 객실 타입의 잔여 객실이 없습니다."]
2026-03-16T22:08:15.369+09:00  WARN 19260 --- [pethotel] [io-18080-exec-4] .w.s.m.a.ResponseStatusExceptionResolver : Resolved [org.springframework.web.server.ResponseStatusException: 409 CONFLICT "선택한 객실 타입의 잔여 객실이 없습니다."]
2026-03-16T22:08:15.371+09:00  WARN 19260 --- [pethotel] [io-18080-exec-7] .w.s.m.a.ResponseStatusExceptionResolver : Resolved [org.springframework.web.server.ResponseStatusException: 409 CONFLICT "선택한 객실 타입의 잔여 객실이 없습니다."]
2026-03-16T22:08:15.408+09:00  WARN 19260 --- [pethotel] [io-18080-exec-6] .w.s.m.a.ResponseStatusExceptionResolver : Resolved [org.springframework.web.server.ResponseStatusException: 409 CONFLICT "선택한 객실 타입의 잔여 객실이 없습니다."]
2026-03-16T22:08:15.423+09:00  WARN 19260 --- [pethotel] [io-18080-exec-9] .w.s.m.a.ResponseStatusExceptionResolver : Resolved [org.springframework.web.server.ResponseStatusException: 409 CONFLICT "선택한 객실 타입의 잔여 객실이 없습니다."]
2026-03-16T22:08:15.439+09:00  WARN 19260 --- [pethotel] [io-18080-exec-2] .w.s.m.a.ResponseStatusExceptionResolver : Resolved [org.springframework.web.server.ResponseStatusException: 409 CONFLICT "선택한 객실 타입의 잔여 객실이 없습니다."]
2026-03-16T22:08:15.466+09:00  WARN 19260 --- [pethotel] [io-18080-exec-6] .w.s.m.a.ResponseStatusExceptionResolver : Resolved [org.springframework.web.server.ResponseStatusException: 409 CONFLICT "선택한 객실 타입의 잔여 객실이 없습니다."]
2026-03-16T22:08:15.467+09:00  WARN 19260 --- [pethotel] [io-18080-exec-5] .w.s.m.a.ResponseStatusExceptionResolver : Resolved [org.springframework.web.server.ResponseStatusException: 409 CONFLICT "선택한 객실 타입의 잔여 객실이 없습니다."]
2026-03-16T22:09:46.564+09:00  INFO 19260 --- [pethotel] [   File Watcher] rtingClassPathChangeChangedEventListener : Restarting due to 29 class path changes (0 additions, 0 deletions, 29 modifications)
2026-03-16T22:09:46.569+09:00  INFO 19260 --- [pethotel] [       Thread-1] o.s.boot.tomcat.GracefulShutdown         : Commencing graceful shutdown. Waiting for active requests to complete
2026-03-16T22:09:46.700+09:00  INFO 19260 --- [pethotel] [tomcat-shutdown] o.s.boot.tomcat.GracefulShutdown         : Graceful shutdown complete
2026-03-16T22:09:46.705+09:00  INFO 19260 --- [pethotel] [       Thread-1] com.zaxxer.hikari.HikariDataSource       : HikariPool-1 - Shutdown initiated...
2026-03-16T22:09:46.709+09:00  INFO 19260 --- [pethotel] [       Thread-1] com.zaxxer.hikari.HikariDataSource       : HikariPool-1 - Shutdown completed.

  .   ____          _            __ _ _
 /\\ / ___'_ __ _ _(_)_ __  __ _ \ \ \ \
( ( )\___ | '_ | '_| | '_ \/ _` | \ \ \ \
 \\/  ___)| |_)| | | | | || (_| |  ) ) ) )
  '  |____| .__|_| |_|_| |_\__, | / / / /
 =========|_|==============|___/=/_/_/_/

 :: Spring Boot ::                (v4.0.3)

2026-03-16T22:09:46.798+09:00  INFO 19260 --- [pethotel] [  restartedMain] com.example.demo.DemoApplication         : Starting DemoApplication using Java 17.0.18 with PID 19260 (C:\Users\cof99\Documents\git\pethotel\back\demo\target\classes started by cof99 in C:\Users\cof99\Documents\git\pethotel\back\demo)
2026-03-16T22:09:46.798+09:00  INFO 19260 --- [pethotel] [  restartedMain] com.example.demo.DemoApplication         : No active profile set, falling back to 1 default profile: "default"
2026-03-16T22:09:46.998+09:00  INFO 19260 --- [pethotel] [  restartedMain] o.s.boot.tomcat.TomcatWebServer          : Tomcat initialized with port 18080 (http)
2026-03-16T22:09:46.999+09:00  INFO 19260 --- [pethotel] [  restartedMain] o.apache.catalina.core.StandardService   : Starting service [Tomcat]
2026-03-16T22:09:46.999+09:00  INFO 19260 --- [pethotel] [  restartedMain] o.apache.catalina.core.StandardEngine    : Starting Servlet engine: [Apache Tomcat/11.0.18]
2026-03-16T22:09:47.012+09:00  INFO 19260 --- [pethotel] [  restartedMain] b.w.c.s.WebApplicationContextInitializer : Root WebApplicationContext: initialization completed in 213 ms
2026-03-16T22:09:47.220+09:00  INFO 19260 --- [pethotel] [  restartedMain] o.s.boot.tomcat.TomcatWebServer          : Tomcat started on port 18080 (http) with context path '/'
2026-03-16T22:09:47.223+09:00  INFO 19260 --- [pethotel] [  restartedMain] com.example.demo.DemoApplication         : Started DemoApplication in 0.446 seconds (process running for 241.775)
2026-03-16T22:09:47.224+09:00  INFO 19260 --- [pethotel] [  restartedMain] .ConditionEvaluationDeltaLoggingListener : Condition evaluation unchanged
^C